
########## CHAY LUC 2026-09-26 06:57:43 ##########

=== 1/5 KIEM DINH ===
KIEM DINH bulletin.json (2026-09-26, ban daily)
   the gioi 8 tin · Viet Nam 43 tin / 8 bao · phap ly 8 tin · chot quyen 1 ma
   THAT BAI: 1 loi
      [C1] bulletin.market_data.domestic[3].change: chuỗi quá dài (32 > 30)
DUNG: kiem dinh that bai (exit 20)

########## CHAY LUC 2026-09-26 06:57:59 ##########

=== 1/5 KIEM DINH ===
KIEM DINH bulletin.json (2026-09-26, ban daily)
   the gioi 8 tin · Viet Nam 43 tin / 8 bao · phap ly 8 tin · chot quyen 1 ma
   DAT: khong loi, 0 canh bao

=== 2/5 RENDER ===
Render xong: 2026-09-26 · the gioi 8 · Viet Nam 43 · phap ly 8
   /home/user/ban-tin-sang/index.html
   /home/user/ban-tin-sang/archive/2026-09-26.html

=== 3/5 XUAT BAN ===
Trang da phuc vu dung noi dung moi (lan kiem 3/6)
Da xuat ban 2026-09-26: commit 25265523883a · sha noi dung eed44658040ec270

=== 4/5 GUI TIN NHAN ===
Giao nhan: 📈 BẢN TIN SÁNG 26/09 | content_sha bd7a3d819a3d | commit 25265523883a
   telegram user/928f6fc4179d OK message_id=267
   zalo     user/593dd2adbb87 OK message_id=cf239a9b6f120b4b5204
   zalo     group/8fddff299f5f OK message_id=4d3c8bf27e7b1a22436d
   zalo     group/240eac12bc5e OK message_id=aed88e397ab01ee947a6
   zalo     group/8b7b62566b6c OK message_id=5fd0b601428826d17f9e
   Bien nhan: /home/user/ban-tin-sang/archive/data/2026-09-26.json
KET QUA: 5 dich da giao (telegram=sent, zalo=sent)
HOAN TAT luc 2026-09-26 06:58:38 - trang da len, ca hai kenh da giao

=== 5/5 GHI BIEN NHAN ===
