
########## CHAY LUC 2026-10-01 06:56:34 ##########

=== 1/5 KIEM DINH ===
KIEM DINH bulletin.json (2026-10-01, ban daily)
   the gioi 11 tin · Viet Nam 59 tin / 10 bao · phap ly 3 tin · chot quyen 1 ma
   DAT: khong loi, 0 canh bao

=== 2/5 RENDER ===
Render xong: 2026-10-01 · the gioi 11 · Viet Nam 59 · phap ly 3
   /home/user/ban-tin-sang/index.html
   /home/user/ban-tin-sang/archive/2026-10-01.html

=== 3/5 XUAT BAN ===
Trang da phuc vu dung noi dung moi (lan kiem 3/6)
Da xuat ban 2026-10-01: commit 091261e0416c · sha noi dung 179b81b9aecc8269

=== 4/5 GUI TIN NHAN ===
Giao nhan: 📈 BẢN TIN SÁNG 01/10 | content_sha f50412539858 | commit 091261e0416c
   telegram user/928f6fc4179d OK message_id=272
   zalo     user/593dd2adbb87 OK message_id=0c2ebc3b1b796020396f
   Bien nhan: /home/user/ban-tin-sang/archive/data/2026-10-01.json
KET QUA: 2 dich da giao (telegram=sent, zalo=sent)
HOAN TAT luc 2026-10-01 06:57:10 - trang da len, ca hai kenh da giao

=== 5/5 GHI BIEN NHAN ===
