
########## CHAY LUC 2026-08-27 06:48:47 ##########

=== 1/5 KIEM DINH ===
KIEM DINH bulletin.json (2026-08-27, ban daily)
   the gioi 20 tin · Viet Nam 58 tin / 9 bao · phap ly 6 tin · chot quyen 0 ma
   DAT: khong loi, 0 canh bao

=== 2/5 RENDER ===
Render xong: 2026-08-27 · the gioi 20 · Viet Nam 58 · phap ly 6
   /home/user/ban-tin-sang/index.html
   /home/user/ban-tin-sang/archive/2026-08-27.html

=== 3/5 XUAT BAN ===
Trang da phuc vu dung noi dung moi (lan kiem 3/6)
Da xuat ban 2026-08-27: commit c0eea24c568e · sha noi dung b9951eec969a03e5

=== 4/5 GUI TIN NHAN ===
Giao nhan: 📈 BẢN TIN SÁNG 27/08 | content_sha 885464678769 | commit c0eea24c568e
   telegram user/928f6fc4179d OK message_id=237
   zalo     user/593dd2adbb87 OK message_id=dd322e3769fff4a6ade9
   zalo     group/8fddff299f5f OK message_id=d19fa3e7fb2f66763f39
   zalo     group/240eac12bc5e OK message_id=cdbb65bd3d75a02cf963
   zalo     group/8b7b62566b6c OK message_id=539d5d3e05f698afc1e0
   Bien nhan: /home/user/ban-tin-sang/archive/data/2026-08-27.json
KET QUA: 5 dich da giao (telegram=sent, zalo=sent)
HOAN TAT luc 2026-08-27 06:49:27 - trang da len, ca hai kenh da giao

=== 5/5 GHI BIEN NHAN ===
