
########## CHAY LUC 2026-09-21 06:40:44 ##########

=== 1/5 KIEM DINH ===
KIEM DINH bulletin.json (2026-09-21, ban daily)
   the gioi 7 tin · Viet Nam 46 tin / 8 bao · phap ly 3 tin · chot quyen 1 ma
   DAT: khong loi, 0 canh bao

=== 2/5 RENDER ===
Render xong: 2026-09-21 · the gioi 7 · Viet Nam 46 · phap ly 3
   /home/user/ban-tin-sang/index.html
   /home/user/ban-tin-sang/archive/2026-09-21.html

=== 3/5 XUAT BAN ===
Trang da phuc vu dung noi dung moi (lan kiem 3/6)
Da xuat ban 2026-09-21: commit 36798d7e33d4 · sha noi dung 9a38c7ad1c195498

=== 4/5 GUI TIN NHAN ===
Giao nhan: 📈 BẢN TIN SÁNG 21/09 | content_sha 31bd885e847f | commit 36798d7e33d4
   telegram user/928f6fc4179d THAT BAI: <urlopen error [Errno 104] Connection reset by peer>
   zalo     user/593dd2adbb87 OK message_id=e0302f64ed648d3dd472
   zalo     group/8fddff299f5f OK message_id=b6c45d209020f079a936
   zalo     group/240eac12bc5e OK message_id=428039b3f4b394eacda5
   zalo     group/8b7b62566b6c OK message_id=a3af4c068006e05fb910
   Bien nhan: /home/user/ban-tin-sang/archive/data/2026-09-21.json
KET QUA: co dich that bai -> exit 50
KET THUC luc 2026-09-21 06:41:34 - trang DA xuat ban nhung giao tin nhan chua tron ven (exit 50)

=== 5/5 GHI BIEN NHAN ===
