
########## CHAY LUC 2026-10-10 06:59:41 ##########

=== 1/5 KIEM DINH ===
KIEM DINH bulletin.json (2026-10-10, ban daily)
   the gioi 20 tin · Viet Nam 84 tin / 10 bao · phap ly 5 tin · chot quyen 0 ma
   CANH BAO [C9] world[14]: tin lấy từ nguồn trong nước 'VnEconomy'
   CANH BAO [C9] world[15]: tin lấy từ nguồn trong nước 'Tin nhanh Chứng khoán'
   CANH BAO [C9] world[16]: tin lấy từ nguồn trong nước 'Tin nhanh Chứng khoán'
   CANH BAO [C9] world[17]: tin lấy từ nguồn trong nước 'Tin nhanh Chứng khoán'
   CANH BAO [C9] world[18]: tin lấy từ nguồn trong nước 'MarketTimes'
   CANH BAO [C9] world[19]: tin lấy từ nguồn trong nước 'Thời báo Ngân hàng'
   DAT: khong loi, 6 canh bao

=== 2/5 RENDER ===
Render xong: 2026-10-10 · the gioi 20 · Viet Nam 84 · phap ly 5
   /home/user/ban-tin-sang/index.html
   /home/user/ban-tin-sang/archive/2026-10-10.html

=== 3/5 XUAT BAN ===
Trang da phuc vu dung noi dung moi (lan kiem 3/6)
Da xuat ban 2026-10-10: commit 5ef445108924 · sha noi dung 83cdee44e4a0d133

=== 4/5 GUI TIN NHAN ===
Giao nhan: 📈 BẢN TIN SÁNG 10/10 | content_sha bbcbf2875919 | commit 5ef445108924
   telegram user/928f6fc4179d OK message_id=281
   zalo     user/593dd2adbb87 OK message_id=686b2ff4247d54240d6b
   Bien nhan: /home/user/ban-tin-sang/archive/data/2026-10-10.json
KET QUA: 2 dich da giao (telegram=sent, zalo=sent)
HOAN TAT luc 2026-10-10 07:00:17 - trang da len, ca hai kenh da giao

=== 5/5 GHI BIEN NHAN ===
