
########## CHAY LUC 2026-08-08 06:53:14 ##########

=== 1/5 KIEM DINH ===
KIEM DINH bulletin.json (2026-08-08, ban daily)
   the gioi 15 tin · Viet Nam 67 tin / 10 bao · phap ly 6 tin · chot quyen 1 ma
   DAT: khong loi, 0 canh bao

=== 2/5 RENDER ===
Render xong: 2026-08-08 · the gioi 15 · Viet Nam 67 · phap ly 6
   /home/user/ban-tin-sang/index.html
   /home/user/ban-tin-sang/archive/2026-08-08.html

=== 3/5 XUAT BAN ===
Trang da phuc vu dung noi dung moi (lan kiem 3/6)
Da xuat ban 2026-08-08: commit 16fce1f45c3f · sha noi dung 9e622d96f105140d

=== 4/5 GUI TIN NHAN ===
Giao nhan: 📈 BẢN TIN SÁNG 08/08 | content_sha fa2be2b695a6 | commit 16fce1f45c3f
   telegram user/928f6fc4179d OK message_id=217
   zalo     user/593dd2adbb87 OK message_id=8e27154b7682fbdba294
   Bien nhan: /home/user/ban-tin-sang/archive/data/2026-08-08.json
KET QUA: 2 dich da giao (telegram=sent, zalo=sent)
HOAN TAT luc 2026-08-08 06:53:51 - trang da len, ca hai kenh da giao

=== 5/5 GHI BIEN NHAN ===
