
########## CHAY LUC 2026-10-08 06:58:18 ##########

=== 1/5 KIEM DINH ===
KIEM DINH bulletin.json (2026-10-08, ban daily)
   the gioi 11 tin · Viet Nam 64 tin / 9 bao · phap ly 10 tin · chot quyen 0 ma
   CANH BAO [C9] world[10]: tin lấy từ nguồn trong nước 'MarketTimes'
   THAT BAI: 1 loi
      [C9] legal: khối 'CafeF' phải đứng trước 'Google News Pháp lý' theo thứ tự báo phổ biến
DUNG: kiem dinh that bai (exit 20)

########## CHAY LUC 2026-10-08 06:58:36 ##########

=== 1/5 KIEM DINH ===
KIEM DINH bulletin.json (2026-10-08, ban daily)
   the gioi 11 tin · Viet Nam 64 tin / 9 bao · phap ly 10 tin · chot quyen 0 ma
   CANH BAO [C9] world[10]: tin lấy từ nguồn trong nước 'MarketTimes'
   DAT: khong loi, 1 canh bao

=== 2/5 RENDER ===
Render xong: 2026-10-08 · the gioi 11 · Viet Nam 64 · phap ly 10
   /home/user/ban-tin-sang/index.html
   /home/user/ban-tin-sang/archive/2026-10-08.html

=== 3/5 XUAT BAN ===
Trang da phuc vu dung noi dung moi (lan kiem 3/6)
Da xuat ban 2026-10-08: commit 54c1296f3791 · sha noi dung 9cd8eae5ba6e6f01

=== 4/5 GUI TIN NHAN ===
Giao nhan: 📈 BẢN TIN SÁNG 08/10 | content_sha ff6525d4d7d7 | commit 54c1296f3791
   telegram user/928f6fc4179d OK message_id=279
   zalo     user/593dd2adbb87 OK message_id=d779868079c2089b51d4
   Bien nhan: /home/user/ban-tin-sang/archive/data/2026-10-08.json
KET QUA: 2 dich da giao (telegram=sent, zalo=sent)
HOAN TAT luc 2026-10-08 06:59:13 - trang da len, ca hai kenh da giao

=== 5/5 GHI BIEN NHAN ===
