
########## CHAY LUC 2026-09-28 07:03:05 ##########

=== 1/5 KIEM DINH ===
KIEM DINH bulletin.json (2026-09-28, ban daily)
   the gioi 19 tin · Viet Nam 59 tin / 7 bao · phap ly 5 tin · chot quyen 2 ma
   DAT: khong loi, 0 canh bao

=== 2/5 RENDER ===
Render xong: 2026-09-28 · the gioi 19 · Viet Nam 59 · phap ly 5
   /home/user/ban-tin-sang/index.html
   /home/user/ban-tin-sang/archive/2026-09-28.html

=== 3/5 XUAT BAN ===
Trang da phuc vu dung noi dung moi (lan kiem 3/6)
Da xuat ban 2026-09-28: commit 390198967283 · sha noi dung e06759aa8c53958a

=== 4/5 GUI TIN NHAN ===
Giao nhan: 📈 BẢN TIN SÁNG 28/09 | content_sha 2dfc94499c70 | commit 390198967283
   telegram user/928f6fc4179d OK message_id=269
   zalo     user/593dd2adbb87 OK message_id=a5baff07e30c8555dc1a
   Bien nhan: /home/user/ban-tin-sang/archive/data/2026-09-28.json
KET QUA: 2 dich da giao (telegram=sent, zalo=sent)
HOAN TAT luc 2026-09-28 07:03:41 - trang da len, ca hai kenh da giao

=== 5/5 GHI BIEN NHAN ===
