
########## CHAY LUC 2026-09-19 06:51:45 ##########

=== 1/5 KIEM DINH ===
KIEM DINH bulletin.json (2026-09-19, ban daily)
   the gioi 30 tin · Viet Nam 74 tin / 11 bao · phap ly 4 tin · chot quyen 1 ma
   CANH BAO [C7] vietnam[10].items[4] và vietnam[10].items[6] có thể trùng sự kiện (giống 71%)
   CANH BAO [C7] vietnam[10].items[4] và vietnam[10].items[7] có thể trùng sự kiện (giống 67%)
   CANH BAO [C7] vietnam[10].items[6] và vietnam[10].items[7] có thể trùng sự kiện (giống 67%)
   DAT: khong loi, 3 canh bao

=== 2/5 RENDER ===
Render xong: 2026-09-19 · the gioi 30 · Viet Nam 74 · phap ly 4
   /home/user/ban-tin-sang/index.html
   /home/user/ban-tin-sang/archive/2026-09-19.html

=== 3/5 XUAT BAN ===
Trang da phuc vu dung noi dung moi (lan kiem 3/6)
Da xuat ban 2026-09-19: commit c2882e033794 · sha noi dung bbb7b6d2f31246b6

=== 4/5 GUI TIN NHAN ===
Giao nhan: 📈 BẢN TIN SÁNG 19/09 | content_sha 262329c57bba | commit c2882e033794
   telegram user/928f6fc4179d OK message_id=260
   zalo     user/593dd2adbb87 OK message_id=1453c285067c6825316a
   zalo     group/8fddff299f5f OK message_id=c77eb72f8cd6e28fbbc0
   zalo     group/240eac12bc5e OK message_id=2a844ab6714f1f164659
   zalo     group/8b7b62566b6c OK message_id=6a099180aa79c4209d6f
   Bien nhan: /home/user/ban-tin-sang/archive/data/2026-09-19.json
KET QUA: 5 dich da giao (telegram=sent, zalo=sent)
HOAN TAT luc 2026-09-19 06:52:27 - trang da len, ca hai kenh da giao

=== 5/5 GHI BIEN NHAN ===
