
########## CHAY LUC 2026-09-18 06:47:15 ##########

=== 1/5 KIEM DINH ===
KIEM DINH bulletin.json (2026-09-18, ban daily)
   the gioi 16 tin · Viet Nam 73 tin / 10 bao · phap ly 7 tin · chot quyen 0 ma
   CANH BAO [C7] vietnam[9].items[2] và vietnam[9].items[3] có thể trùng sự kiện (giống 67%)
   DAT: khong loi, 1 canh bao

=== 2/5 RENDER ===
Render xong: 2026-09-18 · the gioi 16 · Viet Nam 73 · phap ly 7
   /home/user/ban-tin-sang/index.html
   /home/user/ban-tin-sang/archive/2026-09-18.html

=== 3/5 XUAT BAN ===
Trang da phuc vu dung noi dung moi (lan kiem 3/6)
Da xuat ban 2026-09-18: commit 92759e67fc2b · sha noi dung 3d452983c4d58f0b

=== 4/5 GUI TIN NHAN ===
Giao nhan: 📈 BẢN TIN SÁNG 18/09 | content_sha e207b905d991 | commit 92759e67fc2b
   telegram user/928f6fc4179d OK message_id=259
   zalo     user/593dd2adbb87 OK message_id=98f12abd1a2b75722c3d
   zalo     group/8fddff299f5f OK message_id=7378bb898b1fe446bd09
   zalo     group/240eac12bc5e OK message_id=142c582169b706ee5fa1
   zalo     group/8b7b62566b6c OK message_id=a4aedd1eec8883d1da9e
   Bien nhan: /home/user/ban-tin-sang/archive/data/2026-09-18.json
KET QUA: 5 dich da giao (telegram=sent, zalo=sent)
HOAN TAT luc 2026-09-18 06:47:54 - trang da len, ca hai kenh da giao

=== 5/5 GHI BIEN NHAN ===
