
########## CHAY LUC 2026-09-03 06:43:45 ##########

=== 1/5 KIEM DINH ===
KIEM DINH bulletin.json (2026-09-03, ban daily)
   the gioi 10 tin · Viet Nam 37 tin / 7 bao · phap ly 2 tin · chot quyen 0 ma
   DAT: khong loi, 0 canh bao

=== 2/5 RENDER ===
Render xong: 2026-09-03 · the gioi 10 · Viet Nam 37 · phap ly 2
   /home/user/ban-tin-sang/index.html
   /home/user/ban-tin-sang/archive/2026-09-03.html

=== 3/5 XUAT BAN ===
Trang da phuc vu dung noi dung moi (lan kiem 3/6)
Da xuat ban 2026-09-03: commit e94d2969d93c · sha noi dung 3789e8f9208136d8

=== 4/5 GUI TIN NHAN ===
Giao nhan: 📈 BẢN TIN SÁNG 03/09 | content_sha 8c7dcb870859 | commit e94d2969d93c
   telegram user/928f6fc4179d OK message_id=244
   zalo     user/593dd2adbb87 OK message_id=2b0d1a9e15098550dc1f
   zalo     group/8fddff299f5f OK message_id=ab12ebd5e442741b2d54
   zalo     group/240eac12bc5e OK message_id=d6d4bfbfb1282171783e
   zalo     group/8b7b62566b6c OK message_id=873cc29bcc0c5c55051a
   Bien nhan: /home/user/ban-tin-sang/archive/data/2026-09-03.json
KET QUA: 5 dich da giao (telegram=sent, zalo=sent)
HOAN TAT luc 2026-09-03 06:44:23 - trang da len, ca hai kenh da giao

=== 5/5 GHI BIEN NHAN ===
