
########## CHAY LUC 2026-08-10 06:45:09 ##########

=== 1/5 KIEM DINH ===
KIEM DINH bulletin.json (2026-08-10, ban daily)
   the gioi 11 tin · Viet Nam 73 tin / 9 bao · phap ly 8 tin · chot quyen 0 ma
   DAT: khong loi, 0 canh bao

=== 2/5 RENDER ===
Render xong: 2026-08-10 · the gioi 11 · Viet Nam 73 · phap ly 8
   /home/user/ban-tin-sang/index.html
   /home/user/ban-tin-sang/archive/2026-08-10.html

=== 3/5 XUAT BAN ===
Trang da phuc vu dung noi dung moi (lan kiem 3/6)
Da xuat ban 2026-08-10: commit d03e2b235bd2 · sha noi dung 05b53367a7a3735b

=== 4/5 GUI TIN NHAN ===
Giao nhan: 📈 BẢN TIN SÁNG 10/08 | content_sha 348783dd641c | commit d03e2b235bd2
   telegram user/928f6fc4179d OK message_id=220
   zalo     user/593dd2adbb87 OK message_id=2150fa565cefd0b689f9
   zalo     group/8fddff299f5f OK message_id=714688702ec9a290fbdf
   zalo     group/240eac12bc5e OK message_id=651a1eb7b80e34576d18
   zalo     group/8b7b62566b6c OK message_id=5d1745e1e3586f01364e
   Bien nhan: /home/user/ban-tin-sang/archive/data/2026-08-10.json
KET QUA: 5 dich da giao (telegram=sent, zalo=sent)
HOAN TAT luc 2026-08-10 06:45:48 - trang da len, ca hai kenh da giao

=== 5/5 GHI BIEN NHAN ===
