
########## CHAY LUC 2026-09-17 06:43:58 ##########

=== 1/5 KIEM DINH ===
KIEM DINH bulletin.json (2026-09-17, ban daily)
   the gioi 22 tin · Viet Nam 59 tin / 10 bao · phap ly 7 tin · chot quyen 0 ma
   CANH BAO [C9] world[21]: tin lấy từ nguồn trong nước 'VnEconomy'
   DAT: khong loi, 1 canh bao

=== 2/5 RENDER ===
Render xong: 2026-09-17 · the gioi 22 · Viet Nam 59 · phap ly 7
   /home/user/ban-tin-sang/index.html
   /home/user/ban-tin-sang/archive/2026-09-17.html

=== 3/5 XUAT BAN ===
Trang da phuc vu dung noi dung moi (lan kiem 5/6)
Da xuat ban 2026-09-17: commit b47f15217518 · sha noi dung 2f308e746b33aefb

=== 4/5 GUI TIN NHAN ===
Giao nhan: 📈 BẢN TIN SÁNG 17/09 | content_sha 95ac7c227478 | commit b47f15217518
   telegram user/928f6fc4179d OK message_id=258
   zalo     user/593dd2adbb87 OK message_id=bd5405fa11557d0c2443
   zalo     group/8fddff299f5f OK message_id=733b7e2f698005d95c96
   zalo     group/240eac12bc5e OK message_id=652896aa8105ed5cb413
   zalo     group/8b7b62566b6c OK message_id=4048fe41e8ee84b7ddf8
   Bien nhan: /home/user/ban-tin-sang/archive/data/2026-09-17.json
KET QUA: 5 dich da giao (telegram=sent, zalo=sent)
HOAN TAT luc 2026-09-17 06:45:09 - trang da len, ca hai kenh da giao

=== 5/5 GHI BIEN NHAN ===
