
########## CHAY LUC 2026-09-13 06:36:10 ##########

=== 1/5 KIEM DINH ===
KIEM DINH bulletin.json (2026-09-13, ban sunday)
   the gioi 9 tin · Viet Nam 0 tin / 0 bao · phap ly 0 tin · chot quyen 0 ma
   DAT: khong loi, 0 canh bao

=== 2/5 RENDER ===
Render xong: 2026-09-13 · the gioi 9 · Viet Nam 0 · phap ly 0
   /home/user/ban-tin-sang/index.html
   /home/user/ban-tin-sang/archive/2026-09-13.html

=== 3/5 XUAT BAN ===
Trang da phuc vu dung noi dung moi (lan kiem 3/6)
Da xuat ban 2026-09-13: commit c344a2c9ebd4 · sha noi dung f3c41e0c741c016d

=== 4/5 GUI TIN NHAN ===
Giao nhan: 📈 BẢN TIN SÁNG 13/09 | content_sha 72c7d6797866 | commit c344a2c9ebd4
   telegram user/928f6fc4179d OK message_id=254
   zalo     user/593dd2adbb87 OK message_id=2dcb3b4ce0738b2ad265
   zalo     group/8fddff299f5f OK message_id=6a2b44ed9fd2f48badc4
   zalo     group/240eac12bc5e OK message_id=9f79bc1b67240c7d5532
   zalo     group/8b7b62566b6c OK message_id=450407acdf93b4caed85
   Bien nhan: /home/user/ban-tin-sang/archive/data/2026-09-13.json
KET QUA: 5 dich da giao (telegram=sent, zalo=sent)
HOAN TAT luc 2026-09-13 06:36:51 - trang da len, ca hai kenh da giao

=== 5/5 GHI BIEN NHAN ===
