
########## CHAY LUC 2026-09-30 06:52:50 ##########

=== 1/5 KIEM DINH ===
KIEM DINH bulletin.json (2026-09-30, ban daily)
   the gioi 23 tin · Viet Nam 63 tin / 9 bao · phap ly 5 tin · chot quyen 2 ma
   DAT: khong loi, 0 canh bao

=== 2/5 RENDER ===
Render xong: 2026-09-30 · the gioi 23 · Viet Nam 63 · phap ly 5
   /home/user/ban-tin-sang/index.html
   /home/user/ban-tin-sang/archive/2026-09-30.html

=== 3/5 XUAT BAN ===
Trang da phuc vu dung noi dung moi (lan kiem 3/6)
Da xuat ban 2026-09-30: commit 7bb4257703eb · sha noi dung e4120a37102dbd60

=== 4/5 GUI TIN NHAN ===
Giao nhan: 📈 BẢN TIN SÁNG 30/09 | content_sha e9b3e39fe46b | commit 7bb4257703eb
   telegram user/928f6fc4179d OK message_id=271
   zalo     user/593dd2adbb87 OK message_id=63347a57c503bd5ae415
   Bien nhan: /home/user/ban-tin-sang/archive/data/2026-09-30.json
KET QUA: 2 dich da giao (telegram=sent, zalo=sent)
HOAN TAT luc 2026-09-30 06:53:26 - trang da len, ca hai kenh da giao

=== 5/5 GHI BIEN NHAN ===
