
########## CHAY LUC 2026-08-25 06:45:20 ##########

=== 1/5 KIEM DINH ===
KIEM DINH bulletin.json (2026-08-25, ban daily)
   the gioi 12 tin · Viet Nam 55 tin / 9 bao · phap ly 3 tin · chot quyen 5 ma
   THAT BAI: 1 loi
      [C9] legal: khối 'Tiền Phong' phải đứng trước 'Google News Pháp lý' theo thứ tự báo phổ biến
DUNG: kiem dinh that bai (exit 20)

########## CHAY LUC 2026-08-25 06:45:26 ##########

=== 1/5 KIEM DINH ===
KIEM DINH bulletin.json (2026-08-25, ban daily)
   the gioi 12 tin · Viet Nam 55 tin / 9 bao · phap ly 3 tin · chot quyen 5 ma
   DAT: khong loi, 0 canh bao

=== 2/5 RENDER ===
Render xong: 2026-08-25 · the gioi 12 · Viet Nam 55 · phap ly 3
   /home/user/ban-tin-sang/index.html
   /home/user/ban-tin-sang/archive/2026-08-25.html

=== 3/5 XUAT BAN ===
Trang da phuc vu dung noi dung moi (lan kiem 3/6)
Da xuat ban 2026-08-25: commit 4f31cee9b9b8 · sha noi dung dd4060c4c8eb1ccc

=== 4/5 GUI TIN NHAN ===
Giao nhan: 📈 BẢN TIN SÁNG 25/08 | content_sha 106ef63e959b | commit 4f31cee9b9b8
   telegram user/928f6fc4179d OK message_id=235
   zalo     user/593dd2adbb87 OK message_id=b9f45e2dd6ad4df414bb
   zalo     group/8fddff299f5f OK message_id=aa10017b88fb13a24aed
   zalo     group/240eac12bc5e OK message_id=f465419dc81d53440a0b
   zalo     group/8b7b62566b6c OK message_id=bf2abe193899a3c0fa8f
   Bien nhan: /home/user/ban-tin-sang/archive/data/2026-08-25.json
KET QUA: 5 dich da giao (telegram=sent, zalo=sent)
HOAN TAT luc 2026-08-25 06:46:06 - trang da len, ca hai kenh da giao

=== 5/5 GHI BIEN NHAN ===
