
########## CHAY LUC 2026-09-09 06:45:06 ##########

=== 1/5 KIEM DINH ===
KIEM DINH bulletin.json (2026-09-09, ban daily)
   the gioi 19 tin · Viet Nam 61 tin / 9 bao · phap ly 10 tin · chot quyen 0 ma
   THAT BAI: 1 loi
      [C1] bulletin.market_data.domestic[2].change: chuỗi quá dài (41 > 30)
DUNG: kiem dinh that bai (exit 20)

########## CHAY LUC 2026-09-09 06:45:10 ##########

=== 1/5 KIEM DINH ===
KIEM DINH bulletin.json (2026-09-09, ban daily)
   the gioi 19 tin · Viet Nam 61 tin / 9 bao · phap ly 10 tin · chot quyen 0 ma
   DAT: khong loi, 0 canh bao

=== 2/5 RENDER ===
Render xong: 2026-09-09 · the gioi 19 · Viet Nam 61 · phap ly 10
   /home/user/ban-tin-sang/index.html
   /home/user/ban-tin-sang/archive/2026-09-09.html

=== 3/5 XUAT BAN ===
Trang da phuc vu dung noi dung moi (lan kiem 3/6)
Da xuat ban 2026-09-09: commit 46e560b4a6aa · sha noi dung 89b9a7fb770675f1

=== 4/5 GUI TIN NHAN ===
Giao nhan: 📈 BẢN TIN SÁNG 09/09 | content_sha 4e34d9ece6cd | commit 46e560b4a6aa
   telegram user/928f6fc4179d OK message_id=250
   zalo     user/593dd2adbb87 OK message_id=253a0932d68941d0189f
   zalo     group/8fddff299f5f OK message_id=cf931aedc556520f0b40
   zalo     group/240eac12bc5e OK message_id=2f77da6906d2918bc8c4
   zalo     group/8b7b62566b6c OK message_id=2ada7890a42b33726a3d
   Bien nhan: /home/user/ban-tin-sang/archive/data/2026-09-09.json
KET QUA: 5 dich da giao (telegram=sent, zalo=sent)
HOAN TAT luc 2026-09-09 06:45:49 - trang da len, ca hai kenh da giao

=== 5/5 GHI BIEN NHAN ===
