
########## CHAY LUC 2026-09-12 06:50:08 ##########

=== 1/5 KIEM DINH ===
KIEM DINH bulletin.json (2026-09-12, ban daily)
   the gioi 20 tin · Viet Nam 49 tin / 10 bao · phap ly 7 tin · chot quyen 3 ma
   CANH BAO [C9] world[16]: tin lấy từ nguồn trong nước 'VnEconomy'
   CANH BAO [C9] world[17]: tin lấy từ nguồn trong nước 'BNEWS'
   CANH BAO [C9] world[18]: tin lấy từ nguồn trong nước 'Tin nhanh Chứng khoán'
   CANH BAO [C9] world[19]: tin lấy từ nguồn trong nước 'Tin nhanh Chứng khoán'
   DAT: khong loi, 4 canh bao

=== 2/5 RENDER ===
Render xong: 2026-09-12 · the gioi 20 · Viet Nam 49 · phap ly 7
   /home/user/ban-tin-sang/index.html
   /home/user/ban-tin-sang/archive/2026-09-12.html

=== 3/5 XUAT BAN ===
Trang da phuc vu dung noi dung moi (lan kiem 3/6)
Da xuat ban 2026-09-12: commit baaed59a2f7c · sha noi dung def7101da53300c6

=== 4/5 GUI TIN NHAN ===
Giao nhan: 📈 BẢN TIN SÁNG 12/09 | content_sha 01b1bedcd221 | commit baaed59a2f7c
   telegram user/928f6fc4179d OK message_id=253
   zalo     user/593dd2adbb87 OK message_id=a181ce448eb7e6eebfa1
   zalo     group/8fddff299f5f OK message_id=8f17f7b2b741df188657
   zalo     group/240eac12bc5e THAT BAI: <urlopen error [Errno 104] Connection reset by peer>
   zalo     group/8b7b62566b6c THAT BAI: <urlopen error [Errno 104] Connection reset by peer>
   Bien nhan: /home/user/ban-tin-sang/archive/data/2026-09-12.json
KET QUA: co dich that bai -> exit 50
KET THUC luc 2026-09-12 06:51:07 - trang DA xuat ban nhung giao tin nhan chua tron ven (exit 50)

=== 5/5 GHI BIEN NHAN ===
