
########## CHAY LUC 2026-10-03 06:56:20 ##########

=== 1/5 KIEM DINH ===
KIEM DINH bulletin.json (2026-10-03, ban daily)
   the gioi 22 tin · Viet Nam 73 tin / 10 bao · phap ly 8 tin · chot quyen 2 ma
   CANH BAO [C7] vietnam[9].items[0] và vietnam[9].items[1] có thể trùng sự kiện (giống 85%)
   CANH BAO [C7] vietnam[9].items[0] và vietnam[9].items[2] có thể trùng sự kiện (giống 85%)
   CANH BAO [C7] vietnam[9].items[1] và vietnam[9].items[2] có thể trùng sự kiện (giống 85%)
   DAT: khong loi, 3 canh bao

=== 2/5 RENDER ===
Render xong: 2026-10-03 · the gioi 22 · Viet Nam 73 · phap ly 8
   /home/user/ban-tin-sang/index.html
   /home/user/ban-tin-sang/archive/2026-10-03.html

=== 3/5 XUAT BAN ===
Trang da phuc vu dung noi dung moi (lan kiem 3/6)
Da xuat ban 2026-10-03: commit 9a9034a49429 · sha noi dung cf9a0441e35dd823

=== 4/5 GUI TIN NHAN ===
Giao nhan: 📈 BẢN TIN SÁNG 03/10 | content_sha 4c55960b37cc | commit 9a9034a49429
   telegram user/928f6fc4179d OK message_id=274
   zalo     user/593dd2adbb87 OK message_id=f5d8962594b6eeefb7a0
   Bien nhan: /home/user/ban-tin-sang/archive/data/2026-10-03.json
KET QUA: 2 dich da giao (telegram=sent, zalo=sent)
HOAN TAT luc 2026-10-03 06:56:55 - trang da len, ca hai kenh da giao

=== 5/5 GHI BIEN NHAN ===
