
########## CHAY LUC 2026-10-05 06:55:18 ##########

=== 1/5 KIEM DINH ===
KIEM DINH bulletin.json (2026-10-05, ban daily)
   the gioi 13 tin · Viet Nam 85 tin / 10 bao · phap ly 5 tin · chot quyen 0 ma
   DAT: khong loi, 0 canh bao

=== 2/5 RENDER ===
Render xong: 2026-10-05 · the gioi 13 · Viet Nam 85 · phap ly 5
   /home/user/ban-tin-sang/index.html
   /home/user/ban-tin-sang/archive/2026-10-05.html

=== 3/5 XUAT BAN ===
Trang da phuc vu dung noi dung moi (lan kiem 3/6)
Da xuat ban 2026-10-05: commit 44f3c45546ff · sha noi dung 697d974b96037816

=== 4/5 GUI TIN NHAN ===
Giao nhan: 📈 BẢN TIN SÁNG 05/10 | content_sha 52d07bb8a9a6 | commit 44f3c45546ff
   telegram user/928f6fc4179d OK message_id=276
   zalo     user/593dd2adbb87 OK message_id=0cfd8866a977d52e8c61
   Bien nhan: /home/user/ban-tin-sang/archive/data/2026-10-05.json
KET QUA: 2 dich da giao (telegram=sent, zalo=sent)
HOAN TAT luc 2026-10-05 06:55:54 - trang da len, ca hai kenh da giao

=== 5/5 GHI BIEN NHAN ===
