
########## CHAY LUC 2026-09-11 06:45:31 ##########

=== 1/5 KIEM DINH ===
KIEM DINH bulletin.json (2026-09-11, ban daily)
   the gioi 29 tin · Viet Nam 47 tin / 7 bao · phap ly 5 tin · chot quyen 3 ma
   CANH BAO [C9] world[21]: tin lấy từ nguồn trong nước 'Vietstock'
   CANH BAO [C9] world[22]: tin lấy từ nguồn trong nước 'Vietstock'
   CANH BAO [C9] world[23]: tin lấy từ nguồn trong nước 'VnEconomy'
   CANH BAO [C9] world[24]: tin lấy từ nguồn trong nước 'VnEconomy'
   CANH BAO [C9] world[25]: tin lấy từ nguồn trong nước 'VnEconomy'
   CANH BAO [C9] world[26]: tin lấy từ nguồn trong nước 'VnEconomy'
   CANH BAO [C9] world[27]: tin lấy từ nguồn trong nước 'VnEconomy'
   CANH BAO [C9] world[28]: tin lấy từ nguồn trong nước 'Tin nhanh Chứng khoán'
   THAT BAI: 2 loi
      [C4] world[21]: URL không hợp lệ 'http://vietstock.vn/2026/09/nhtw-chau-au-nang-lai-suat-len-2' (nguồn web phải https)
      [C4] world[22]: URL không hợp lệ 'http://vietstock.vn/2026/09/khi-ca-the-gioi-tang-lai-suat-77' (nguồn web phải https)
DUNG: kiem dinh that bai (exit 20)

########## CHAY LUC 2026-09-11 06:46:29 ##########

=== 1/5 KIEM DINH ===
KIEM DINH bulletin.json (2026-09-11, ban daily)
   the gioi 21 tin · Viet Nam 47 tin / 7 bao · phap ly 5 tin · chot quyen 3 ma
   DAT: khong loi, 0 canh bao

=== 2/5 RENDER ===
Render xong: 2026-09-11 · the gioi 21 · Viet Nam 47 · phap ly 5
   /home/user/ban-tin-sang/index.html
   /home/user/ban-tin-sang/archive/2026-09-11.html

=== 3/5 XUAT BAN ===
Trang da phuc vu dung noi dung moi (lan kiem 3/6)
Da xuat ban 2026-09-11: commit fc59ee983338 · sha noi dung 909bcf30e8242abd

=== 4/5 GUI TIN NHAN ===
Giao nhan: 📈 BẢN TIN SÁNG 11/09 | content_sha 82ec96d212b2 | commit fc59ee983338
   telegram user/928f6fc4179d OK message_id=252
   zalo     user/593dd2adbb87 OK message_id=90fa8687fb0a9253cb1c
   zalo     group/8fddff299f5f OK message_id=29d2e83895b5fceca5a3
   zalo     group/240eac12bc5e OK message_id=2784f683880ee157b818
   zalo     group/8b7b62566b6c OK message_id=e3517ef7007a6923306c
   Bien nhan: /home/user/ban-tin-sang/archive/data/2026-09-11.json
KET QUA: 5 dich da giao (telegram=sent, zalo=sent)
HOAN TAT luc 2026-09-11 06:47:09 - trang da len, ca hai kenh da giao

=== 5/5 GHI BIEN NHAN ===
