
########## CHAY LUC 2026-09-27 06:46:57 ##########

=== 1/5 KIEM DINH ===
KIEM DINH bulletin.json (2026-09-27, ban sunday)
   the gioi 10 tin · Viet Nam 0 tin / 0 bao · phap ly 0 tin · chot quyen 0 ma
   THAT BAI: 1 loi
      [C1] bulletin.market_data.domestic[3].change: chuỗi quá dài (45 > 30)
DUNG: kiem dinh that bai (exit 20)

########## CHAY LUC 2026-09-27 06:47:03 ##########

=== 1/5 KIEM DINH ===
KIEM DINH bulletin.json (2026-09-27, ban sunday)
   the gioi 10 tin · Viet Nam 0 tin / 0 bao · phap ly 0 tin · chot quyen 0 ma
   DAT: khong loi, 0 canh bao

=== 2/5 RENDER ===
Render xong: 2026-09-27 · the gioi 10 · Viet Nam 0 · phap ly 0
   /home/user/ban-tin-sang/index.html
   /home/user/ban-tin-sang/archive/2026-09-27.html

=== 3/5 XUAT BAN ===
Trang da phuc vu dung noi dung moi (lan kiem 3/6)
Da xuat ban 2026-09-27: commit 7852a0b3324a · sha noi dung b4c4d40f23681b56

=== 4/5 GUI TIN NHAN ===
Giao nhan: 📈 BẢN TIN SÁNG 27/09 | content_sha 3671d22882c4 | commit 7852a0b3324a
   telegram user/928f6fc4179d OK message_id=268
   zalo     user/593dd2adbb87 OK message_id=490a9bd24503225a7b15
   zalo     group/8fddff299f5f OK message_id=8c3a55838b52ec0bb544
   zalo     group/240eac12bc5e OK message_id=94520cd5d204b55dec12
   zalo     group/8b7b62566b6c OK message_id=d2cc88ec573d3064692b
   Bien nhan: /home/user/ban-tin-sang/archive/data/2026-09-27.json
KET QUA: 5 dich da giao (telegram=sent, zalo=sent)
HOAN TAT luc 2026-09-27 06:47:42 - trang da len, ca hai kenh da giao

=== 5/5 GHI BIEN NHAN ===
