
########## CHAY LUC 2026-09-20 06:37:04 ##########

=== 1/5 KIEM DINH ===
KIEM DINH bulletin.json (2026-09-20, ban sunday)
   the gioi 11 tin · Viet Nam 0 tin / 0 bao · phap ly 0 tin · chot quyen 0 ma
   THAT BAI: 1 loi
      [C1] bulletin.market_data.domestic[4].change: chuỗi quá dài (33 > 30)
DUNG: kiem dinh that bai (exit 20)

########## CHAY LUC 2026-09-20 06:37:22 ##########

=== 1/5 KIEM DINH ===
KIEM DINH bulletin.json (2026-09-20, ban sunday)
   the gioi 11 tin · Viet Nam 0 tin / 0 bao · phap ly 0 tin · chot quyen 0 ma
   DAT: khong loi, 0 canh bao

=== 2/5 RENDER ===
Render xong: 2026-09-20 · the gioi 11 · Viet Nam 0 · phap ly 0
   /home/user/ban-tin-sang/index.html
   /home/user/ban-tin-sang/archive/2026-09-20.html

=== 3/5 XUAT BAN ===
Trang da phuc vu dung noi dung moi (lan kiem 3/6)
Da xuat ban 2026-09-20: commit 37c244fc96be · sha noi dung bb56223903a17ec6

=== 4/5 GUI TIN NHAN ===
Giao nhan: 📈 BẢN TIN SÁNG 20/09 | content_sha 0098d3f81b98 | commit 37c244fc96be
   telegram user/928f6fc4179d OK message_id=261
   zalo     user/593dd2adbb87 OK message_id=f1b5a9e5c020a179f836
   zalo     group/8fddff299f5f OK message_id=aa0a8efce7398660df2f
   zalo     group/240eac12bc5e OK message_id=c58736fe5c3b3d62642d
   zalo     group/8b7b62566b6c OK message_id=34e679d01315724c2b03
   Bien nhan: /home/user/ban-tin-sang/archive/data/2026-09-20.json
KET QUA: 5 dich da giao (telegram=sent, zalo=sent)
HOAN TAT luc 2026-09-20 06:38:01 - trang da len, ca hai kenh da giao

=== 5/5 GHI BIEN NHAN ===
