
########## CHAY LUC 2026-09-23 06:54:16 ##########

=== 1/5 KIEM DINH ===
KIEM DINH bulletin.json (2026-09-23, ban daily)
   the gioi 13 tin · Viet Nam 68 tin / 11 bao · phap ly 1 tin · chot quyen 0 ma
   DAT: khong loi, 0 canh bao

=== 2/5 RENDER ===
Render xong: 2026-09-23 · the gioi 13 · Viet Nam 68 · phap ly 1
   /home/user/ban-tin-sang/index.html
   /home/user/ban-tin-sang/archive/2026-09-23.html

=== 3/5 XUAT BAN ===
Trang da phuc vu dung noi dung moi (lan kiem 3/6)
Da xuat ban 2026-09-23: commit 4c963a942a34 · sha noi dung 69b82ccafd777afb

=== 4/5 GUI TIN NHAN ===
Giao nhan: 📈 BẢN TIN SÁNG 23/09 | content_sha 6e0ca566bdbb | commit 4c963a942a34
   telegram user/928f6fc4179d OK message_id=264
   zalo     user/593dd2adbb87 OK message_id=f0e63dcc259a47c31e8c
   zalo     group/8fddff299f5f OK message_id=25b6160a115c73052a4a
   zalo     group/240eac12bc5e OK message_id=e1559b319c67fe3ea771
   zalo     group/8b7b62566b6c OK message_id=c47f9f779821fa78a337
   Bien nhan: /home/user/ban-tin-sang/archive/data/2026-09-23.json
KET QUA: 5 dich da giao (telegram=sent, zalo=sent)
HOAN TAT luc 2026-09-23 06:54:55 - trang da len, ca hai kenh da giao

=== 5/5 GHI BIEN NHAN ===
