
########## CHAY LUC 2026-09-24 06:52:21 ##########

=== 1/5 KIEM DINH ===
KIEM DINH bulletin.json (2026-09-24, ban daily)
   the gioi 11 tin · Viet Nam 47 tin / 8 bao · phap ly 8 tin · chot quyen 3 ma
   CANH BAO [C3] dividends[1]: ĐKCC 2026-10-06 ngoài khoảng hôm nay→+10 ngày
   CANH BAO [C3] dividends[2]: ĐKCC 2026-10-05 ngoài khoảng hôm nay→+10 ngày
   DAT: khong loi, 2 canh bao

=== 2/5 RENDER ===
Render xong: 2026-09-24 · the gioi 11 · Viet Nam 47 · phap ly 8
   /home/user/ban-tin-sang/index.html
   /home/user/ban-tin-sang/archive/2026-09-24.html

=== 3/5 XUAT BAN ===
Trang da phuc vu dung noi dung moi (lan kiem 3/6)
Da xuat ban 2026-09-24: commit 37b66dc9f256 · sha noi dung 5e43786f3b4f93f1

=== 4/5 GUI TIN NHAN ===
Giao nhan: 📈 BẢN TIN SÁNG 24/09 | content_sha 8889b637dd81 | commit 37b66dc9f256
   telegram user/928f6fc4179d OK message_id=265
   zalo     user/593dd2adbb87 OK message_id=f508998abc33de6a8725
   zalo     group/8fddff299f5f OK message_id=f13affccda75b82ce163
   zalo     group/240eac12bc5e OK message_id=15ec626546dc24857dca
   zalo     group/8b7b62566b6c OK message_id=a90a82e1a658c4019d4e
   Bien nhan: /home/user/ban-tin-sang/archive/data/2026-09-24.json
KET QUA: 5 dich da giao (telegram=sent, zalo=sent)
HOAN TAT luc 2026-09-24 06:53:01 - trang da len, ca hai kenh da giao

=== 5/5 GHI BIEN NHAN ===
