
########## CHAY LUC 2026-08-31 06:46:08 ##########

=== 1/5 KIEM DINH ===
KIEM DINH bulletin.json (2026-08-31, ban daily)
   the gioi 16 tin · Viet Nam 59 tin / 7 bao · phap ly 7 tin · chot quyen 10 ma
   THAT BAI: 1 loi
      [C9] legal: khối 'Tin nhanh Chứng khoán' phải đứng trước 'MarketTimes' theo thứ tự báo phổ biến
DUNG: kiem dinh that bai (exit 20)

########## CHAY LUC 2026-08-31 06:46:23 ##########

=== 1/5 KIEM DINH ===
KIEM DINH bulletin.json (2026-08-31, ban daily)
   the gioi 16 tin · Viet Nam 59 tin / 7 bao · phap ly 7 tin · chot quyen 10 ma
   DAT: khong loi, 0 canh bao

=== 2/5 RENDER ===
Render xong: 2026-08-31 · the gioi 16 · Viet Nam 59 · phap ly 7
   /home/user/ban-tin-sang/index.html
   /home/user/ban-tin-sang/archive/2026-08-31.html

=== 3/5 XUAT BAN ===
Trang da phuc vu dung noi dung moi (lan kiem 3/6)
Da xuat ban 2026-08-31: commit 19c05b4fe112 · sha noi dung aa2adbf72e1501f8

=== 4/5 GUI TIN NHAN ===
Giao nhan: 📈 BẢN TIN SÁNG 31/08 | content_sha 03e01a192e84 | commit 19c05b4fe112
   telegram user/928f6fc4179d OK message_id=241
   zalo     user/593dd2adbb87 OK message_id=f8b7d4c15a47c41e9d51
   zalo     group/8fddff299f5f OK message_id=a1b24750c9d6578f0ec0
   zalo     group/240eac12bc5e OK message_id=7d05171c9a9a04c35d8c
   zalo     group/8b7b62566b6c OK message_id=a5911e3793b10de854a7
   Bien nhan: /home/user/ban-tin-sang/archive/data/2026-08-31.json
KET QUA: 5 dich da giao (telegram=sent, zalo=sent)
HOAN TAT luc 2026-08-31 06:47:02 - trang da len, ca hai kenh da giao

=== 5/5 GHI BIEN NHAN ===
