
########## CHAY LUC 2026-08-09 06:39:36 ##########

=== 1/5 KIEM DINH ===
KIEM DINH bulletin.json (2026-08-09, ban sunday)
   the gioi 8 tin · Viet Nam 0 tin / 0 bao · phap ly 0 tin · chot quyen 0 ma
   DAT: khong loi, 0 canh bao

=== 2/5 RENDER ===
Render xong: 2026-08-09 · the gioi 8 · Viet Nam 0 · phap ly 0
   /home/user/ban-tin-sang/index.html
   /home/user/ban-tin-sang/archive/2026-08-09.html

=== 3/5 XUAT BAN ===
Trang da phuc vu dung noi dung moi (lan kiem 3/6)
Da xuat ban 2026-08-09: commit 7425f6cd00f1 · sha noi dung ff41adfff4fd4774

=== 4/5 GUI TIN NHAN ===
Giao nhan: 📈 BẢN TIN SÁNG 09/08 | content_sha 3f2670fe23dc | commit 7425f6cd00f1
   telegram user/928f6fc4179d OK message_id=218
   zalo     user/593dd2adbb87 OK message_id=fcf951c18cce009759d8
   Bien nhan: /home/user/ban-tin-sang/archive/data/2026-08-09.json
KET QUA: 2 dich da giao (telegram=sent, zalo=sent)
HOAN TAT luc 2026-08-09 06:40:13 - trang da len, ca hai kenh da giao

=== 5/5 GHI BIEN NHAN ===
