
########## CHAY LUC 2026-09-08 06:46:38 ##########

=== 1/5 KIEM DINH ===
KIEM DINH bulletin.json (2026-09-08, ban daily)
   the gioi 9 tin · Viet Nam 63 tin / 10 bao · phap ly 6 tin · chot quyen 3 ma
   DAT: khong loi, 0 canh bao

=== 2/5 RENDER ===
Render xong: 2026-09-08 · the gioi 9 · Viet Nam 63 · phap ly 6
   /home/user/ban-tin-sang/index.html
   /home/user/ban-tin-sang/archive/2026-09-08.html

=== 3/5 XUAT BAN ===
Trang da phuc vu dung noi dung moi (lan kiem 3/6)
Da xuat ban 2026-09-08: commit d806c8fb5886 · sha noi dung 7e53af7c1cccaa38

=== 4/5 GUI TIN NHAN ===
Giao nhan: 📈 BẢN TIN SÁNG 08/09 | content_sha fc5449d78a0d | commit d806c8fb5886
   telegram user/928f6fc4179d OK message_id=249
   zalo     user/593dd2adbb87 OK message_id=c559bd9effcf689631d9
   zalo     group/8fddff299f5f OK message_id=f25fb417f646611f3850
   zalo     group/240eac12bc5e OK message_id=f5cfb42bf77a6023396c
   zalo     group/8b7b62566b6c OK message_id=e6be48360b679c3ec571
   Bien nhan: /home/user/ban-tin-sang/archive/data/2026-09-08.json
KET QUA: 5 dich da giao (telegram=sent, zalo=sent)
HOAN TAT luc 2026-09-08 06:47:18 - trang da len, ca hai kenh da giao

=== 5/5 GHI BIEN NHAN ===
