
########## CHAY LUC 2026-09-25 06:59:18 ##########

=== 1/5 KIEM DINH ===
KIEM DINH bulletin.json (2026-09-25, ban daily)
   the gioi 18 tin · Viet Nam 78 tin / 10 bao · phap ly 9 tin · chot quyen 0 ma
   DAT: khong loi, 0 canh bao

=== 2/5 RENDER ===
Render xong: 2026-09-25 · the gioi 18 · Viet Nam 78 · phap ly 9
   /home/user/ban-tin-sang/index.html
   /home/user/ban-tin-sang/archive/2026-09-25.html

=== 3/5 XUAT BAN ===
Trang da phuc vu dung noi dung moi (lan kiem 3/6)
Da xuat ban 2026-09-25: commit 6b20ee7f030d · sha noi dung e9c0a5eb4d58a0c3

=== 4/5 GUI TIN NHAN ===
Giao nhan: 📈 BẢN TIN SÁNG 25/09 | content_sha 8c3fd971b0f2 | commit 6b20ee7f030d
   telegram user/928f6fc4179d OK message_id=266
   zalo     user/593dd2adbb87 OK message_id=701e98a70b036e5a3715
   zalo     group/8fddff299f5f OK message_id=b6d6f04964ed01b458fb
   zalo     group/240eac12bc5e OK message_id=71ca7934ed9088c9d186
   zalo     group/8b7b62566b6c OK message_id=0116a69d333956600f2f
   Bien nhan: /home/user/ban-tin-sang/archive/data/2026-09-25.json
KET QUA: 5 dich da giao (telegram=sent, zalo=sent)
HOAN TAT luc 2026-09-25 06:59:59 - trang da len, ca hai kenh da giao

=== 5/5 GHI BIEN NHAN ===
