
########## CHAY LUC 2026-08-17 06:51:59 ##########

=== 1/5 KIEM DINH ===
KIEM DINH bulletin.json (2026-08-17, ban daily)
   the gioi 14 tin · Viet Nam 87 tin / 8 bao · phap ly 10 tin · chot quyen 0 ma
   DAT: khong loi, 0 canh bao

=== 2/5 RENDER ===
Render xong: 2026-08-17 · the gioi 14 · Viet Nam 87 · phap ly 10
   /home/user/ban-tin-sang/index.html
   /home/user/ban-tin-sang/archive/2026-08-17.html

=== 3/5 XUAT BAN ===
Trang da phuc vu dung noi dung moi (lan kiem 3/6)
Da xuat ban 2026-08-17: commit bdc7a952ea55 · sha noi dung 67d776ac436345f2

=== 4/5 GUI TIN NHAN ===
Giao nhan: 📈 BẢN TIN SÁNG 17/08 | content_sha 81e942c91558 | commit bdc7a952ea55
   telegram user/928f6fc4179d OK message_id=227
   zalo     user/593dd2adbb87 OK message_id=39dc4c557afcf8a5a1ea
   zalo     group/8fddff299f5f OK message_id=fecf1ce2294bab12f25d
   zalo     group/240eac12bc5e OK message_id=fcdcbea48b0d0954501b
   zalo     group/8b7b62566b6c OK message_id=7939fb23cf8a4dd3149c
   Bien nhan: /home/user/ban-tin-sang/archive/data/2026-08-17.json
KET QUA: 5 dich da giao (telegram=sent, zalo=sent)
HOAN TAT luc 2026-08-17 06:52:40 - trang da len, ca hai kenh da giao

=== 5/5 GHI BIEN NHAN ===
