
########## CHAY LUC 2026-09-04 06:43:52 ##########

=== 1/5 KIEM DINH ===
KIEM DINH bulletin.json (2026-09-04, ban daily)
   the gioi 15 tin · Viet Nam 73 tin / 11 bao · phap ly 6 tin · chot quyen 0 ma
   CANH BAO [C7] vietnam[10].items[2] và vietnam[10].items[5] có thể trùng sự kiện (giống 71%)
   CANH BAO [C7] vietnam[10].items[2] và vietnam[10].items[6] có thể trùng sự kiện (giống 71%)
   CANH BAO [C7] vietnam[10].items[5] và vietnam[10].items[6] có thể trùng sự kiện (giống 71%)
   DAT: khong loi, 3 canh bao

=== 2/5 RENDER ===
Render xong: 2026-09-04 · the gioi 15 · Viet Nam 73 · phap ly 6
   /home/user/ban-tin-sang/index.html
   /home/user/ban-tin-sang/archive/2026-09-04.html

=== 3/5 XUAT BAN ===
Trang da phuc vu dung noi dung moi (lan kiem 3/6)
Da xuat ban 2026-09-04: commit c58cc14284bb · sha noi dung 85b5204d3746994d

=== 4/5 GUI TIN NHAN ===
Giao nhan: 📈 BẢN TIN SÁNG 04/09 | content_sha d62528bd170a | commit c58cc14284bb
   telegram user/928f6fc4179d OK message_id=245
   zalo     user/593dd2adbb87 OK message_id=5454c1dc1f248c7dd532
   zalo     group/8fddff299f5f OK message_id=0d7a0c23d3db408219cd
   zalo     group/240eac12bc5e OK message_id=cfeec0e71f1f8c46d509
   zalo     group/8b7b62566b6c OK message_id=d97a71f9ae013d586417
   Bien nhan: /home/user/ban-tin-sang/archive/data/2026-09-04.json
KET QUA: 5 dich da giao (telegram=sent, zalo=sent)
HOAN TAT luc 2026-09-04 06:44:30 - trang da len, ca hai kenh da giao

=== 5/5 GHI BIEN NHAN ===
