
########## CHAY LUC 2026-09-06 06:35:33 ##########

=== 1/5 KIEM DINH ===
KIEM DINH bulletin.json (2026-09-06, ban sunday)
   the gioi 5 tin · Viet Nam 0 tin / 0 bao · phap ly 0 tin · chot quyen 0 ma
   DAT: khong loi, 0 canh bao

=== 2/5 RENDER ===
Render xong: 2026-09-06 · the gioi 5 · Viet Nam 0 · phap ly 0
   /home/user/ban-tin-sang/index.html
   /home/user/ban-tin-sang/archive/2026-09-06.html

=== 3/5 XUAT BAN ===
Trang da phuc vu dung noi dung moi (lan kiem 3/6)
Da xuat ban 2026-09-06: commit f1c749f6a9eb · sha noi dung d3a3c3addf08ef03

=== 4/5 GUI TIN NHAN ===
Giao nhan: 📈 BẢN TIN SÁNG 06/09 | content_sha fdec38077814 | commit f1c749f6a9eb
   telegram user/928f6fc4179d OK message_id=247
   zalo     user/593dd2adbb87 OK message_id=428049e252d1c7889ec7
   zalo     group/8fddff299f5f OK message_id=d90e06c11af28fabd6e4
   zalo     group/240eac12bc5e OK message_id=bd7f81469d75082c5163
   zalo     group/8b7b62566b6c OK message_id=1d8508cb14f881a1d8ee
   Bien nhan: /home/user/ban-tin-sang/archive/data/2026-09-06.json
KET QUA: 5 dich da giao (telegram=sent, zalo=sent)
HOAN TAT luc 2026-09-06 06:36:11 - trang da len, ca hai kenh da giao

=== 5/5 GHI BIEN NHAN ===
