
########## CHAY LUC 2026-10-11 06:54:16 ##########

=== 1/5 KIEM DINH ===
KIEM DINH bulletin.json (2026-10-11, ban sunday)
   the gioi 12 tin · Viet Nam 0 tin / 0 bao · phap ly 0 tin · chot quyen 0 ma
   DAT: khong loi, 0 canh bao

=== 2/5 RENDER ===
Render xong: 2026-10-11 · the gioi 12 · Viet Nam 0 · phap ly 0
   /home/user/ban-tin-sang/index.html
   /home/user/ban-tin-sang/archive/2026-10-11.html

=== 3/5 XUAT BAN ===
Trang da phuc vu dung noi dung moi (lan kiem 3/6)
Da xuat ban 2026-10-11: commit f5e7e01af958 · sha noi dung 930bca7087590ecd

=== 4/5 GUI TIN NHAN ===
Giao nhan: 📈 BẢN TIN SÁNG 11/10 | content_sha 5976f4336d26 | commit f5e7e01af958
   telegram user/928f6fc4179d OK message_id=282
   zalo     user/593dd2adbb87 OK message_id=4184c362748007d95e96
   Bien nhan: /home/user/ban-tin-sang/archive/data/2026-10-11.json
KET QUA: 2 dich da giao (telegram=sent, zalo=sent)
HOAN TAT luc 2026-10-11 06:54:52 - trang da len, ca hai kenh da giao

=== 5/5 GHI BIEN NHAN ===
