
########## CHAY LUC 2026-10-07 07:00:59 ##########

=== 1/5 KIEM DINH ===
KIEM DINH bulletin.json (2026-10-07, ban daily)
   the gioi 18 tin · Viet Nam 51 tin / 9 bao · phap ly 10 tin · chot quyen 0 ma
   CANH BAO [C9] world[13]: tin lấy từ nguồn trong nước 'VnEconomy'
   CANH BAO [C9] world[14]: tin lấy từ nguồn trong nước 'VnEconomy'
   CANH BAO [C9] world[15]: tin lấy từ nguồn trong nước 'Tin nhanh Chứng khoán'
   CANH BAO [C9] world[16]: tin lấy từ nguồn trong nước 'Tin nhanh Chứng khoán'
   DAT: khong loi, 4 canh bao

=== 2/5 RENDER ===
Render xong: 2026-10-07 · the gioi 18 · Viet Nam 51 · phap ly 10
   /home/user/ban-tin-sang/index.html
   /home/user/ban-tin-sang/archive/2026-10-07.html

=== 3/5 XUAT BAN ===
Trang da phuc vu dung noi dung moi (lan kiem 3/6)
Da xuat ban 2026-10-07: commit ac04cbf5dbfc · sha noi dung 35641f605ee3498a

=== 4/5 GUI TIN NHAN ===
Giao nhan: 📈 BẢN TIN SÁNG 07/10 | content_sha 79f75a97efbd | commit ac04cbf5dbfc
   telegram user/928f6fc4179d OK message_id=278
   zalo     user/593dd2adbb87 OK message_id=457a256e72310c685527
   Bien nhan: /home/user/ban-tin-sang/archive/data/2026-10-07.json
KET QUA: 2 dich da giao (telegram=sent, zalo=sent)
HOAN TAT luc 2026-10-07 07:01:35 - trang da len, ca hai kenh da giao

=== 5/5 GHI BIEN NHAN ===
