
########## CHAY LUC 2026-08-26 06:45:39 ##########

=== 1/5 KIEM DINH ===
KIEM DINH bulletin.json (2026-08-26, ban daily)
   the gioi 15 tin · Viet Nam 69 tin / 11 bao · phap ly 3 tin · chot quyen 0 ma
   CANH BAO [C9] world[14]: tin lấy từ nguồn trong nước 'BNEWS'
   DAT: khong loi, 1 canh bao

=== 2/5 RENDER ===
Render xong: 2026-08-26 · the gioi 15 · Viet Nam 69 · phap ly 3
   /home/user/ban-tin-sang/index.html
   /home/user/ban-tin-sang/archive/2026-08-26.html

=== 3/5 XUAT BAN ===
Trang da phuc vu dung noi dung moi (lan kiem 3/6)
Da xuat ban 2026-08-26: commit e38e7b916822 · sha noi dung d7efa7ac8c607dfe

=== 4/5 GUI TIN NHAN ===
Giao nhan: 📈 BẢN TIN SÁNG 26/08 | content_sha cbd6ba38b893 | commit e38e7b916822
   telegram user/928f6fc4179d OK message_id=236
   zalo     user/593dd2adbb87 OK message_id=d675d362ec8776de2f91
   zalo     group/8fddff299f5f OK message_id=84a71d2622c3b89ae1d5
   zalo     group/240eac12bc5e OK message_id=e6c810932e76b42fed60
   zalo     group/8b7b62566b6c OK message_id=5aabbc99827c1825416a
   Bien nhan: /home/user/ban-tin-sang/archive/data/2026-08-26.json
KET QUA: 5 dich da giao (telegram=sent, zalo=sent)
HOAN TAT luc 2026-08-26 06:46:19 - trang da len, ca hai kenh da giao

=== 5/5 GHI BIEN NHAN ===
